
E:\complete project\node dynamic>type nul > app.js

E:\complete project\node dynamic>mkdir db

E:\complete project\node dynamic>mkdir src

E:\complete project\node dynamic>cd src

E:\complete project\node dynamic\src>type nul > app.js

E:\complete project\node dynamic\src>mkdir db

E:\complete project\node dynamic\src>mkdir models

E:\complete project\node dynamic\src>dir
 Volume in drive E has no label.
 Volume Serial Number is C88A-BCDF

 Directory of E:\complete project\node dynamic\src

21/01/2021  05:22 PM    <DIR>          .
21/01/2021  05:22 PM    <DIR>          ..
21/01/2021  05:26 PM               259 app.js
21/01/2021  05:22 PM    <DIR>          db
21/01/2021  05:22 PM    <DIR>          models
               1 File(s)            259 bytes
               4 Dir(s)  210,099,040,256 bytes free

E:\complete project\node dynamic\src>cd..

E:\complete project\node dynamic>npm run dev

> node-dynamic@1.0.0 dev E:\complete project\node dynamic
> nodemon src/app.js -e js, hbs

[nodemon] 2.0.6
[nodemon] to restart at any time, enter `rs`
[nodemon] watching path(s): *.*
[nodemon] watching extensions: js
[nodemon] starting `node src/app.js hbs`
server is running on port no 3000
[nodemon] restarting due to changes...
[nodemon] restarting due to changes...
[nodemon] starting `node src/app.js hbs`
server is running on port no 3000
[nodemon] restarting due to changes...
[nodemon] starting `node src/app.js hbs`
server is running on port no 3000
[nodemon] restarting due to changes...
[nodemon] restarting due to changes...
[nodemon] starting `node src/app.js hbs`
server is running on port no 3000
[nodemon] restarting due to changes...
[nodemon] starting `node src/app.js hbs`
server is running on port no 3000
[nodemon] restarting due to changes...
[nodemon] starting `node src/app.js hbs`
server is running on port no 3000
[nodemon] restarting due to changes...
[nodemon] starting `node src/app.js hbs`
server is running on port no 3000
[nodemon] restarting due to changes...
[nodemon] starting `node src/app.js hbs`
server is running on port no 3000
[nodemon] restarting due to changes...
[nodemon] starting `node src/app.js hbs`
server is running on port no 3000
[nodemon] restarting due to changes...
[nodemon] starting `node src/app.js hbs`
server is running on port no 3000
[nodemon] restarting due to changes...
[nodemon] restarting due to changes...
[nodemon] restarting due to changes...
[nodemon] restarting due to changes...
[nodemon] starting `node src/app.js hbs`
[nodemon] restarting due to changes...
[nodemon] restarting due to changes...
[nodemon] restarting due to changes...
[nodemon] starting `node src/app.js hbs`
[nodemon] restarting due to changes...
[nodemon] starting `node src/app.js hbs`
[nodemon] restarting due to changes...
[nodemon] starting `node src/app.js hbs`
[nodemon] restarting due to changes...
[nodemon] starting `node src/app.js hbs`
server is running on port no 3000
[nodemon] restarting due to changes...
[nodemon] starting `node src/app.js hbs`
server is running on port no 3000
[nodemon] restarting due to changes...
[nodemon] restarting due to changes...
[nodemon] starting `node src/app.js hbs`
server is running on port no 3000
[nodemon] restarting due to changes...
[nodemon] starting `node src/app.js hbs`
server is running on port no 3000
[nodemon] restarting due to changes...
[nodemon] starting `node src/app.js hbs`
server is running on port no 3000
[nodemon] restarting due to changes...
[nodemon] restarting due to changes...
[nodemon] starting `node src/app.js hbs`
server is running on port no 3000
[nodemon] restarting due to changes...
[nodemon] starting `node src/app.js hbs`
server is running on port no 3000
[nodemon] restarting due to changes...
[nodemon] restarting due to changes...
[nodemon] starting `node src/app.js hbs`
server is running on port no 3000
[nodemon] restarting due to changes...
[nodemon] starting `node src/app.js hbs`
server is running on port no 3000
[nodemon] restarting due to changes...
[nodemon] starting `node src/app.js hbs`
server is running on port no 3000
[nodemon] restarting due to changes...
[nodemon] starting `node src/app.js hbs`
server is running on port no 3000
[nodemon] restarting due to changes...
[nodemon] restarting due to changes...
[nodemon] starting `node src/app.js hbs`
server is running on port no 3000
[nodemon] restarting due to changes...
[nodemon] starting `node src/app.js hbs`
server is running on port no 3000
[nodemon] restarting due to changes...
[nodemon] starting `node src/app.js hbs`
server is running on port no 3000
[nodemon] restarting due to changes...
[nodemon] starting `node src/app.js hbs`
server is running on port no 3000
[nodemon] restarting due to changes...
[nodemon] restarting due to changes...
[nodemon] starting `node src/app.js hbs`
E:\complete project\node dynamic\src\app.js:3
const app = express();
^^^^^

SyntaxError: Unexpected token 'const'
    at wrapSafe (internal/modules/cjs/loader.js:1167:16)
    at Module._compile (internal/modules/cjs/loader.js:1215:27)
    at Object.Module._extensions..js (internal/modules/cjs/loader.js:1272:10)
    at Module.load (internal/modules/cjs/loader.js:1100:32)
    at Function.Module._load (internal/modules/cjs/loader.js:962:14)
    at Function.executeUserEntryPoint [as runMain] (internal/modules/run_main.js:72:12)
    at internal/main/run_main_module.js:17:47
[nodemon] app crashed - waiting for file changes before starting...
[nodemon] restarting due to changes...
[nodemon] starting `node src/app.js hbs`
internal/modules/cjs/loader.js:1083
  throw err;
  ^

Error: Cannot find module './'
Require stack:
- E:\complete project\node dynamic\src\app.js
    at Function.Module._resolveFilename (internal/modules/cjs/loader.js:1080:15)
    at Function.Module._load (internal/modules/cjs/loader.js:923:27)
    at Module.require (internal/modules/cjs/loader.js:1140:19)
    at require (internal/modules/cjs/helpers.js:75:18)
    at Object.<anonymous> (E:\complete project\node dynamic\src\app.js:2:1)
    at Module._compile (internal/modules/cjs/loader.js:1251:30)
    at Object.Module._extensions..js (internal/modules/cjs/loader.js:1272:10)
    at Module.load (internal/modules/cjs/loader.js:1100:32)
    at Function.Module._load (internal/modules/cjs/loader.js:962:14)
    at Function.executeUserEntryPoint [as runMain] (internal/modules/run_main.js:72:12) {
  code: 'MODULE_NOT_FOUND',
  requireStack: [ 'E:\\complete project\\node dynamic\\src\\app.js' ]
}
[nodemon] app crashed - waiting for file changes before starting...
[nodemon] restarting due to changes...
[nodemon] starting `node src/app.js hbs`
internal/modules/cjs/loader.js:1083
  throw err;
  ^

Error: Cannot find module './'
Require stack:
- E:\complete project\node dynamic\src\app.js
    at Function.Module._resolveFilename (internal/modules/cjs/loader.js:1080:15)
    at Function.Module._load (internal/modules/cjs/loader.js:923:27)
    at Module.require (internal/modules/cjs/loader.js:1140:19)
    at require (internal/modules/cjs/helpers.js:75:18)
    at Object.<anonymous> (E:\complete project\node dynamic\src\app.js:2:1)
    at Module._compile (internal/modules/cjs/loader.js:1251:30)
    at Object.Module._extensions..js (internal/modules/cjs/loader.js:1272:10)
    at Module.load (internal/modules/cjs/loader.js:1100:32)
    at Function.Module._load (internal/modules/cjs/loader.js:962:14)
    at Function.executeUserEntryPoint [as runMain] (internal/modules/run_main.js:72:12) {
  code: 'MODULE_NOT_FOUND',
  requireStack: [ 'E:\\complete project\\node dynamic\\src\\app.js' ]
}
[nodemon] app crashed - waiting for file changes before starting...
[nodemon] restarting due to changes...
[nodemon] starting `node src/app.js hbs`
internal/modules/cjs/loader.js:1083
  throw err;
  ^

Error: Cannot find module './db'
Require stack:
- E:\complete project\node dynamic\src\app.js
    at Function.Module._resolveFilename (internal/modules/cjs/loader.js:1080:15)
    at Function.Module._load (internal/modules/cjs/loader.js:923:27)
    at Module.require (internal/modules/cjs/loader.js:1140:19)
    at require (internal/modules/cjs/helpers.js:75:18)
    at Object.<anonymous> (E:\complete project\node dynamic\src\app.js:2:1)
    at Module._compile (internal/modules/cjs/loader.js:1251:30)
    at Object.Module._extensions..js (internal/modules/cjs/loader.js:1272:10)
    at Module.load (internal/modules/cjs/loader.js:1100:32)
    at Function.Module._load (internal/modules/cjs/loader.js:962:14)
    at Function.executeUserEntryPoint [as runMain] (internal/modules/run_main.js:72:12) {
  code: 'MODULE_NOT_FOUND',
  requireStack: [ 'E:\\complete project\\node dynamic\\src\\app.js' ]
}
[nodemon] app crashed - waiting for file changes before starting...
[nodemon] restarting due to changes...
[nodemon] starting `node src/app.js hbs`
internal/modules/cjs/loader.js:1083
  throw err;
  ^

Error: Cannot find module './db/'
Require stack:
- E:\complete project\node dynamic\src\app.js
    at Function.Module._resolveFilename (internal/modules/cjs/loader.js:1080:15)
    at Function.Module._load (internal/modules/cjs/loader.js:923:27)
    at Module.require (internal/modules/cjs/loader.js:1140:19)
    at require (internal/modules/cjs/helpers.js:75:18)
    at Object.<anonymous> (E:\complete project\node dynamic\src\app.js:2:1)
    at Module._compile (internal/modules/cjs/loader.js:1251:30)
    at Object.Module._extensions..js (internal/modules/cjs/loader.js:1272:10)
    at Module.load (internal/modules/cjs/loader.js:1100:32)
    at Function.Module._load (internal/modules/cjs/loader.js:962:14)
    at Function.executeUserEntryPoint [as runMain] (internal/modules/run_main.js:72:12) {
  code: 'MODULE_NOT_FOUND',
  requireStack: [ 'E:\\complete project\\node dynamic\\src\\app.js' ]
}
[nodemon] app crashed - waiting for file changes before starting...
[nodemon] restarting due to changes...
[nodemon] starting `node src/app.js hbs`
[nodemon] restarting due to changes...
[nodemon] starting `node src/app.js hbs`
[nodemon] restarting due to changes...
[nodemon] starting `node src/app.js hbs`
[nodemon] restarting due to changes...
[nodemon] restarting due to changes...
[nodemon] starting `node src/app.js hbs`
[nodemon] restarting due to changes...
[nodemon] restarting due to changes...
[nodemon] starting `node src/app.js hbs`
server is running on port no 3000
 connection successfull
^CTerminate batch job (Y/N)? Terminate batch job (Y/N)? y

E:\complete project\node dynamic>npm i hbs
npm WARN node-dynamic@1.0.0 No description
npm WARN node-dynamic@1.0.0 No repository field.

+ hbs@4.1.1
added 9 packages from 43 contributors and audited 90 packages in 15.602s

2 packages are looking for funding
  run `npm fund` for details

found 0 vulnerabilities


E:\complete project\node dynamic>npm run dev

> node-dynamic@1.0.0 dev E:\complete project\node dynamic
> nodemon src/app.js -e js, hbs

[nodemon] 2.0.6
[nodemon] to restart at any time, enter `rs`
[nodemon] watching path(s): *.*
[nodemon] watching extensions: js
[nodemon] starting `node src/app.js hbs`
server is running on port no 3000
 connection successfull
[nodemon] restarting due to changes...
[nodemon] restarting due to changes...
[nodemon] starting `node src/app.js hbs`
E:\complete project\node dynamic\node_modules\serve-static\index.js:40
    throw new TypeError('root path required')
    ^

TypeError: root path required
    at Function.serveStatic [as static] (E:\complete project\node dynamic\node_modules\serve-static\index.js:40:11)
    at Object.<anonymous> (E:\complete project\node dynamic\src\app.js:10:17)
    at Module._compile (internal/modules/cjs/loader.js:1251:30)
    at Object.Module._extensions..js (internal/modules/cjs/loader.js:1272:10)
    at Module.load (internal/modules/cjs/loader.js:1100:32)
    at Function.Module._load (internal/modules/cjs/loader.js:962:14)
    at Function.executeUserEntryPoint [as runMain] (internal/modules/run_main.js:72:12)
    at internal/main/run_main_module.js:17:47
[nodemon] app crashed - waiting for file changes before starting...
[nodemon] restarting due to changes...
[nodemon] starting `node src/app.js hbs`
E:\complete project\node dynamic\node_modules\serve-static\index.js:40
    throw new TypeError('root path required')
    ^

TypeError: root path required
    at Function.serveStatic [as static] (E:\complete project\node dynamic\node_modules\serve-static\index.js:40:11)
    at Object.<anonymous> (E:\complete project\node dynamic\src\app.js:12:17)
    at Module._compile (internal/modules/cjs/loader.js:1251:30)
    at Object.Module._extensions..js (internal/modules/cjs/loader.js:1272:10)
    at Module.load (internal/modules/cjs/loader.js:1100:32)
    at Function.Module._load (internal/modules/cjs/loader.js:962:14)
    at Function.executeUserEntryPoint [as runMain] (internal/modules/run_main.js:72:12)
    at internal/main/run_main_module.js:17:47
[nodemon] app crashed - waiting for file changes before starting...
[nodemon] restarting due to changes...
[nodemon] starting `node src/app.js hbs`
[nodemon] restarting due to changes...
[nodemon] starting `node src/app.js hbs`
[nodemon] restarting due to changes...
[nodemon] restarting due to changes...
[nodemon] starting `node src/app.js hbs`
E:\complete project\node dynamic\node_modules\serve-static\index.js:40
    throw new TypeError('root path required')
    ^

TypeError: root path required
    at Function.serveStatic [as static] (E:\complete project\node dynamic\node_modules\serve-static\index.js:40:11)
    at Object.<anonymous> (E:\complete project\node dynamic\src\app.js:13:17)
    at Module._compile (internal/modules/cjs/loader.js:1251:30)
    at Object.Module._extensions..js (internal/modules/cjs/loader.js:1272:10)
    at Module.load (internal/modules/cjs/loader.js:1100:32)
    at Function.Module._load (internal/modules/cjs/loader.js:962:14)
    at Function.executeUserEntryPoint [as runMain] (internal/modules/run_main.js:72:12)
    at internal/main/run_main_module.js:17:47
[nodemon] app crashed - waiting for file changes before starting...
[nodemon] restarting due to changes...
[nodemon] starting `node src/app.js hbs`
[nodemon] restarting due to changes...
[nodemon] starting `node src/app.js hbs`
E:\complete project\node dynamic\node_modules\serve-static\index.js:40
    throw new TypeError('root path required')
    ^

TypeError: root path required
    at Function.serveStatic [as static] (E:\complete project\node dynamic\node_modules\serve-static\index.js:40:11)
    at Object.<anonymous> (E:\complete project\node dynamic\src\app.js:13:17)
    at Module._compile (internal/modules/cjs/loader.js:1251:30)
    at Object.Module._extensions..js (internal/modules/cjs/loader.js:1272:10)
    at Module.load (internal/modules/cjs/loader.js:1100:32)
    at Function.Module._load (internal/modules/cjs/loader.js:962:14)
    at Function.executeUserEntryPoint [as runMain] (internal/modules/run_main.js:72:12)
    at internal/main/run_main_module.js:17:47
[nodemon] app crashed - waiting for file changes before starting...
[nodemon] restarting due to changes...
[nodemon] starting `node src/app.js hbs`
E:\complete project\node dynamic\node_modules\serve-static\index.js:40
    throw new TypeError('root path required')
    ^

TypeError: root path required
    at Function.serveStatic [as static] (E:\complete project\node dynamic\node_modules\serve-static\index.js:40:11)
    at Object.<anonymous> (E:\complete project\node dynamic\src\app.js:13:17)
    at Module._compile (internal/modules/cjs/loader.js:1251:30)
    at Object.Module._extensions..js (internal/modules/cjs/loader.js:1272:10)
    at Module.load (internal/modules/cjs/loader.js:1100:32)
    at Function.Module._load (internal/modules/cjs/loader.js:962:14)
    at Function.executeUserEntryPoint [as runMain] (internal/modules/run_main.js:72:12)
    at internal/main/run_main_module.js:17:47
[nodemon] app crashed - waiting for file changes before starting...
[nodemon] restarting due to changes...
[nodemon] starting `node src/app.js hbs`
[nodemon] restarting due to changes...
[nodemon] starting `node src/app.js hbs`
E:\complete project\node dynamic\node_modules\serve-static\index.js:40
    throw new TypeError('root path required')
    ^

TypeError: root path required
    at Function.serveStatic [as static] (E:\complete project\node dynamic\node_modules\serve-static\index.js:40:11)
    at Object.<anonymous> (E:\complete project\node dynamic\src\app.js:13:17)
    at Module._compile (internal/modules/cjs/loader.js:1251:30)
    at Object.Module._extensions..js (internal/modules/cjs/loader.js:1272:10)
    at Module.load (internal/modules/cjs/loader.js:1100:32)
    at Function.Module._load (internal/modules/cjs/loader.js:962:14)
    at Function.executeUserEntryPoint [as runMain] (internal/modules/run_main.js:72:12)
    at internal/main/run_main_module.js:17:47
[nodemon] app crashed - waiting for file changes before starting...
[nodemon] restarting due to changes...
[nodemon] starting `node src/app.js hbs`
[nodemon] restarting due to changes...
[nodemon] starting `node src/app.js hbs`
E:\complete project\node dynamic\node_modules\serve-static\index.js:40
    throw new TypeError('root path required')
    ^

TypeError: root path required
    at Function.serveStatic [as static] (E:\complete project\node dynamic\node_modules\serve-static\index.js:40:11)
    at Object.<anonymous> (E:\complete project\node dynamic\src\app.js:13:17)
    at Module._compile (internal/modules/cjs/loader.js:1251:30)
    at Object.Module._extensions..js (internal/modules/cjs/loader.js:1272:10)
    at Module.load (internal/modules/cjs/loader.js:1100:32)
    at Function.Module._load (internal/modules/cjs/loader.js:962:14)
    at Function.executeUserEntryPoint [as runMain] (internal/modules/run_main.js:72:12)
    at internal/main/run_main_module.js:17:47
[nodemon] restarting due to changes...
[nodemon] starting `node src/app.js hbs`
E:\complete project\node dynamic\node_modules\serve-static\index.js:40
    throw new TypeError('root path required')
    ^

TypeError: root path required
    at Function.serveStatic [as static] (E:\complete project\node dynamic\node_modules\serve-static\index.js:40:11)
    at Object.<anonymous> (E:\complete project\node dynamic\src\app.js:13:17)
    at Module._compile (internal/modules/cjs/loader.js:1251:30)
    at Object.Module._extensions..js (internal/modules/cjs/loader.js:1272:10)
    at Module.load (internal/modules/cjs/loader.js:1100:32)
    at Function.Module._load (internal/modules/cjs/loader.js:962:14)
    at Function.executeUserEntryPoint [as runMain] (internal/modules/run_main.js:72:12)
    at internal/main/run_main_module.js:17:47
[nodemon] app crashed - waiting for file changes before starting...
[nodemon] restarting due to changes...
[nodemon] starting `node src/app.js hbs`
[nodemon] restarting due to changes...
[nodemon] starting `node src/app.js hbs`
E:\complete project\node dynamic\node_modules\serve-static\index.js:40
    throw new TypeError('root path required')
    ^

TypeError: root path required
    at Function.serveStatic [as static] (E:\complete project\node dynamic\node_modules\serve-static\index.js:40:11)
    at Object.<anonymous> (E:\complete project\node dynamic\src\app.js:13:17)
    at Module._compile (internal/modules/cjs/loader.js:1251:30)
    at Object.Module._extensions..js (internal/modules/cjs/loader.js:1272:10)
    at Module.load (internal/modules/cjs/loader.js:1100:32)
    at Function.Module._load (internal/modules/cjs/loader.js:962:14)
    at Function.executeUserEntryPoint [as runMain] (internal/modules/run_main.js:72:12)
    at internal/main/run_main_module.js:17:47
[nodemon] app crashed - waiting for file changes before starting...
[nodemon] restarting due to changes...
[nodemon] starting `node src/app.js hbs`
E:\complete project\node dynamic\node_modules\serve-static\index.js:40
    throw new TypeError('root path required')
    ^

TypeError: root path required
    at Function.serveStatic [as static] (E:\complete project\node dynamic\node_modules\serve-static\index.js:40:11)
    at Object.<anonymous> (E:\complete project\node dynamic\src\app.js:13:17)
    at Module._compile (internal/modules/cjs/loader.js:1251:30)
    at Object.Module._extensions..js (internal/modules/cjs/loader.js:1272:10)
    at Module.load (internal/modules/cjs/loader.js:1100:32)
    at Function.Module._load (internal/modules/cjs/loader.js:962:14)
    at Function.executeUserEntryPoint [as runMain] (internal/modules/run_main.js:72:12)
    at internal/main/run_main_module.js:17:47
[nodemon] app crashed - waiting for file changes before starting...
[nodemon] restarting due to changes...
[nodemon] starting `node src/app.js hbs`
E:\complete project\node dynamic\src\app.js:13
app.use(express.static(stati))
                       ^

ReferenceError: stati is not defined
    at Object.<anonymous> (E:\complete project\node dynamic\src\app.js:13:24)
    at Module._compile (internal/modules/cjs/loader.js:1251:30)
    at Object.Module._extensions..js (internal/modules/cjs/loader.js:1272:10)
    at Module.load (internal/modules/cjs/loader.js:1100:32)
    at Function.Module._load (internal/modules/cjs/loader.js:962:14)
    at Function.executeUserEntryPoint [as runMain] (internal/modules/run_main.js:72:12)
    at internal/main/run_main_module.js:17:47
[nodemon] app crashed - waiting for file changes before starting...
[nodemon] restarting due to changes...
[nodemon] starting `node src/app.js hbs`
E:\complete project\node dynamic\src\app.js:13
app.use(express.static(staticpa))
                       ^

ReferenceError: staticpa is not defined
    at Object.<anonymous> (E:\complete project\node dynamic\src\app.js:13:24)
    at Module._compile (internal/modules/cjs/loader.js:1251:30)
    at Object.Module._extensions..js (internal/modules/cjs/loader.js:1272:10)
    at Module.load (internal/modules/cjs/loader.js:1100:32)
    at Function.Module._load (internal/modules/cjs/loader.js:962:14)
    at Function.executeUserEntryPoint [as runMain] (internal/modules/run_main.js:72:12)
    at internal/main/run_main_module.js:17:47
[nodemon] app crashed - waiting for file changes before starting...
[nodemon] restarting due to changes...
[nodemon] starting `node src/app.js hbs`
[nodemon] restarting due to changes...
[nodemon] starting `node src/app.js hbs`
server is running on port no 3000
 connection successfull
[nodemon] restarting due to changes...
[nodemon] starting `node src/app.js hbs`
server is running on port no 3000
 connection successfull
[nodemon] restarting due to changes...
[nodemon] restarting due to changes...
[nodemon] starting `node src/app.js hbs`
[nodemon] restarting due to changes...
server is running on port no 3000
 connection successfull
[nodemon] starting `node src/app.js hbs`
server is running on port no 3000
 connection successfull
[nodemon] restarting due to changes...
[nodemon] restarting due to changes...
[nodemon] starting `node src/app.js hbs`
server is running on port no 3000
 connection successfull
[nodemon] restarting due to changes...
[nodemon] starting `node src/app.js hbs`
server is running on port no 3000
 connection successfull
[nodemon] restarting due to changes...
[nodemon] restarting due to changes...
[nodemon] starting `node src/app.js hbs`
server is running on port no 3000
 connection successfull
[nodemon] restarting due to changes...
[nodemon] restarting due to changes...
[nodemon] starting `node src/app.js hbs`
server is running on port no 3000
 connection successfull
[nodemon] restarting due to changes...
[nodemon] starting `node src/app.js hbs`
server is running on port no 3000
 connection successfull
Terminate batch job (Y/N)? y

E:\complete project\node dynamic>npm i bootstrap
npm WARN bootstrap@4.6.0 requires a peer of jquery@1.9.1 - 3 but none is installed. You must install peer dependencies yourself.
npm WARN bootstrap@4.6.0 requires a peer of popper.js@^1.16.1 but none is installed. You must install peer dependencies yourself.
npm WARN node-dynamic@1.0.0 No description
npm WARN node-dynamic@1.0.0 No repository field.

+ bootstrap@4.6.0
added 1 package from 2 contributors and audited 91 packages in 6.998s

3 packages are looking for funding
  run `npm fund` for details

found 0 vulnerabilities


E:\complete project\node dynamic>npm i jquery
npm WARN bootstrap@4.6.0 requires a peer of popper.js@^1.16.1 but none is installed. You must install peer dependencies yourself.
npm WARN node-dynamic@1.0.0 No description
npm WARN node-dynamic@1.0.0 No repository field.

+ jquery@3.5.1
added 1 package from 1 contributor and audited 92 packages in 5.761s

3 packages are looking for funding
  run `npm fund` for details

found 0 vulnerabilities


E:\complete project\node dynamic>npm run dev

> node-dynamic@1.0.0 dev E:\complete project\node dynamic
> nodemon src/app.js -e js, hbs

[nodemon] 2.0.6
[nodemon] to restart at any time, enter `rs`
[nodemon] watching path(s): *.*
[nodemon] watching extensions: js
[nodemon] starting `node src/app.js hbs`
server is running on port no 3000
 connection successfull
[nodemon] restarting due to changes...
[nodemon] starting `node src/app.js hbs`
server is running on port no 3000
 connection successfull
[nodemon] restarting due to changes...
[nodemon] starting `node src/app.js hbs`
server is running on port no 3000
 connection successfull
[nodemon] restarting due to changes...
[nodemon] restarting due to changes...
[nodemon] starting `node src/app.js hbs`
E:\complete project\node dynamic\src\app.js:14
routing
^

ReferenceError: routing is not defined
    at Object.<anonymous> (E:\complete project\node dynamic\src\app.js:14:1)
    at Module._compile (internal/modules/cjs/loader.js:1251:30)
    at Object.Module._extensions..js (internal/modules/cjs/loader.js:1272:10)
    at Module.load (internal/modules/cjs/loader.js:1100:32)
    at Function.Module._load (internal/modules/cjs/loader.js:962:14)
    at Function.executeUserEntryPoint [as runMain] (internal/modules/run_main.js:72:12)
    at internal/main/run_main_module.js:17:47
[nodemon] app crashed - waiting for file changes before starting...
[nodemon] restarting due to changes...
[nodemon] starting `node src/app.js hbs`
server is running on port no 3000
 connection successfull
[nodemon] restarting due to changes...
[nodemon] restarting due to changes...
[nodemon] starting `node src/app.js hbs`
E:\complete project\node dynamic\node_modules\express\lib\application.js:210
    throw new TypeError('app.use() requires a middleware function')
    ^

TypeError: app.use() requires a middleware function
    at Function.use (E:\complete project\node dynamic\node_modules\express\lib\application.js:210:11)
    at Object.<anonymous> (E:\complete project\node dynamic\src\app.js:12:5)
    at Module._compile (internal/modules/cjs/loader.js:1251:30)
    at Object.Module._extensions..js (internal/modules/cjs/loader.js:1272:10)
    at Module.load (internal/modules/cjs/loader.js:1100:32)
    at Function.Module._load (internal/modules/cjs/loader.js:962:14)
    at Function.executeUserEntryPoint [as runMain] (internal/modules/run_main.js:72:12)
    at internal/main/run_main_module.js:17:47
[nodemon] app crashed - waiting for file changes before starting...
[nodemon] restarting due to changes...
[nodemon] starting `node src/app.js hbs`
server is running on port no 3000
 connection successfull
[nodemon] restarting due to changes...
[nodemon] restarting due to changes...
[nodemon] starting `node src/app.js hbs`
server is running on port no 3000
 connection successfull
[nodemon] restarting due to changes...
[nodemon] starting `node src/app.js hbs`
server is running on port no 3000
 connection successfull
[nodemon] restarting due to changes...
[nodemon] restarting due to changes...
[nodemon] starting `node src/app.js hbs`
server is running on port no 3000
 connection successfull
[nodemon] restarting due to changes...
[nodemon] restarting due to changes...
[nodemon] starting `node src/app.js hbs`
server is running on port no 3000
 connection successfull
[nodemon] restarting due to changes...
[nodemon] restarting due to changes...
[nodemon] starting `node src/app.js hbs`
server is running on port no 3000
 connection successfull
[nodemon] restarting due to changes...
[nodemon] starting `node src/app.js hbs`
server is running on port no 3000
 connection successfull
[nodemon] restarting due to changes...
[nodemon] restarting due to changes...
[nodemon] starting `node src/app.js hbs`
server is running on port no 3000
 connection successfull
[nodemon] restarting due to changes...
[nodemon] starting `node src/app.js hbs`
server is running on port no 3000
 connection successfull
[nodemon] restarting due to changes...
[nodemon] restarting due to changes...
[nodemon] starting `node src/app.js hbs`
server is running on port no 3000
 connection successfull
[nodemon] restarting due to changes...
[nodemon] restarting due to changes...
[nodemon] starting `node src/app.js hbs`
E:\complete project\node dynamic\src\app.js:14
app.use('/jq, express.static(path.join(__dirname,"../node_modules/bootstrap/dist/css")));
        ^^^^^^^^^^^^^^^^^^^^^^^^^^^^^^^^^^^^^^^^^^^^^^^^^^^^^^^^^^^^^^^^^^^^^^^^^^^^^^^^^

SyntaxError: Invalid or unexpected token
    at wrapSafe (internal/modules/cjs/loader.js:1167:16)
    at Module._compile (internal/modules/cjs/loader.js:1215:27)
    at Object.Module._extensions..js (internal/modules/cjs/loader.js:1272:10)
    at Module.load (internal/modules/cjs/loader.js:1100:32)
    at Function.Module._load (internal/modules/cjs/loader.js:962:14)
    at Function.executeUserEntryPoint [as runMain] (internal/modules/run_main.js:72:12)
    at internal/main/run_main_module.js:17:47
[nodemon] app crashed - waiting for file changes before starting...
[nodemon] restarting due to changes...
[nodemon] starting `node src/app.js hbs`
server is running on port no 3000
 connection successfull
[nodemon] restarting due to changes...
[nodemon] starting `node src/app.js hbs`
server is running on port no 3000
 connection successfull
[nodemon] restarting due to changes...
[nodemon] starting `node src/app.js hbs`
server is running on port no 3000
 connection successfull
[nodemon] restarting due to changes...
[nodemon] starting `node src/app.js hbs`
server is running on port no 3000
 connection successfull
[nodemon] restarting due to changes...
[nodemon] restarting due to changes...
[nodemon] starting `node src/app.js hbs`
server is running on port no 3000
 connection successfull
[nodemon] restarting due to changes...
[nodemon] starting `node src/app.js hbs`
server is running on port no 3000
 connection successfull
[nodemon] restarting due to changes...
[nodemon] starting `node src/app.js hbs`
server is running on port no 3000
 connection successfull
[nodemon] restarting due to changes...
[nodemon] starting `node src/app.js hbs`
server is running on port no 3000
 connection successfull
[nodemon] restarting due to changes...
[nodemon] starting `node src/app.js hbs`
server is running on port no 3000
 connection successfull
[nodemon] restarting due to changes...
[nodemon] starting `node src/app.js hbs`
server is running on port no 3000
 connection successfull
[nodemon] restarting due to changes...
[nodemon] starting `node src/app.js hbs`
server is running on port no 3000
 connection successfull
[nodemon] restarting due to changes...
[nodemon] restarting due to changes...
[nodemon] restarting due to changes...
[nodemon] starting `node src/app.js hbs`
server is running on port no 3000
 connection successfull
[nodemon] restarting due to changes...
[nodemon] starting `node src/app.js hbs`
server is running on port no 3000
 connection successfull
[nodemon] restarting due to changes...
[nodemon] starting `node src/app.js hbs`
server is running on port no 3000
 connection successfull
[nodemon] restarting due to changes...
[nodemon] restarting due to changes...
[nodemon] starting `node src/app.js hbs`
server is running on port no 3000
 connection successfull
Error: Failed to lookup view "index" in views directory "E:\complete project\node dynamic\views"
    at Function.render (E:\complete project\node dynamic\node_modules\express\lib\application.js:580:17)
    at ServerResponse.render (E:\complete project\node dynamic\node_modules\express\lib\response.js:1012:7)
    at E:\complete project\node dynamic\src\app.js:20:9
    at Layer.handle [as handle_request] (E:\complete project\node dynamic\node_modules\express\lib\router\layer.js:95:5)
    at next (E:\complete project\node dynamic\node_modules\express\lib\router\route.js:137:13)
    at Route.dispatch (E:\complete project\node dynamic\node_modules\express\lib\router\route.js:112:3)
    at Layer.handle [as handle_request] (E:\complete project\node dynamic\node_modules\express\lib\router\layer.js:95:5)
    at E:\complete project\node dynamic\node_modules\express\lib\router\index.js:281:22
    at Function.process_params (E:\complete project\node dynamic\node_modules\express\lib\router\index.js:335:12)
    at next (E:\complete project\node dynamic\node_modules\express\lib\router\index.js:275:10)
    at expressInit (E:\complete project\node dynamic\node_modules\express\lib\middleware\init.js:40:5)
    at Layer.handle [as handle_request] (E:\complete project\node dynamic\node_modules\express\lib\router\layer.js:95:5)
    at trim_prefix (E:\complete project\node dynamic\node_modules\express\lib\router\index.js:317:13)
    at E:\complete project\node dynamic\node_modules\express\lib\router\index.js:284:7
    at Function.process_params (E:\complete project\node dynamic\node_modules\express\lib\router\index.js:335:12)
    at next (E:\complete project\node dynamic\node_modules\express\lib\router\index.js:275:10)
[nodemon] restarting due to changes...
[nodemon] restarting due to changes...
[nodemon] starting `node src/app.js hbs`
E:\complete project\node dynamic\src\app.js:10
const staticpath = path.join(__dirname,"../public");
      ^

SyntaxError: Identifier 'staticpath' has already been declared
    at wrapSafe (internal/modules/cjs/loader.js:1167:16)
    at Module._compile (internal/modules/cjs/loader.js:1215:27)
    at Object.Module._extensions..js (internal/modules/cjs/loader.js:1272:10)
    at Module.load (internal/modules/cjs/loader.js:1100:32)
    at Function.Module._load (internal/modules/cjs/loader.js:962:14)
    at Function.executeUserEntryPoint [as runMain] (internal/modules/run_main.js:72:12)
    at internal/main/run_main_module.js:17:47
[nodemon] app crashed - waiting for file changes before starting...
[nodemon] restarting due to changes...
[nodemon] starting `node src/app.js hbs`
E:\complete project\node dynamic\src\app.js:11
const staticpath = path.join(__dirname,"../public");
      ^

SyntaxError: Identifier 'staticpath' has already been declared
    at wrapSafe (internal/modules/cjs/loader.js:1167:16)
    at Module._compile (internal/modules/cjs/loader.js:1215:27)
    at Object.Module._extensions..js (internal/modules/cjs/loader.js:1272:10)
    at Module.load (internal/modules/cjs/loader.js:1100:32)
    at Function.Module._load (internal/modules/cjs/loader.js:962:14)
    at Function.executeUserEntryPoint [as runMain] (internal/modules/run_main.js:72:12)
    at internal/main/run_main_module.js:17:47
[nodemon] app crashed - waiting for file changes before starting...
[nodemon] restarting due to changes...
[nodemon] starting `node src/app.js hbs`
server is running on port no 3000
 connection successfull
[nodemon] restarting due to changes...
[nodemon] starting `node src/app.js hbs`
server is running on port no 3000
 connection successfull
[nodemon] restarting due to changes...
[nodemon] starting `node src/app.js hbs`
server is running on port no 3000
 connection successfull
[nodemon] restarting due to changes...
[nodemon] starting `node src/app.js hbs`
server is running on port no 3000
 connection successfull
[nodemon] restarting due to changes...
[nodemon] starting `node src/app.js hbs`
server is running on port no 3000
 connection successfull
[nodemon] restarting due to changes...
[nodemon] starting `node src/app.js hbs`
server is running on port no 3000
 connection successfull
[nodemon] restarting due to changes...
[nodemon] starting `node src/app.js hbs`
server is running on port no 3000
 connection successfull
[nodemon] restarting due to changes...
[nodemon] starting `node src/app.js hbs`
server is running on port no 3000
 connection successfull
[nodemon] restarting due to changes...
[nodemon] starting `node src/app.js hbs`
server is running on port no 3000
 connection successfull
[nodemon] restarting due to changes...
[nodemon] starting `node src/app.js hbs`
server is running on port no 3000
 connection successfull
[nodemon] restarting due to changes...
[nodemon] starting `node src/app.js hbs`
server is running on port no 3000
 connection successfull
[nodemon] restarting due to changes...
[nodemon] starting `node src/app.js hbs`
server is running on port no 3000
 connection successfull
[nodemon] restarting due to changes...
[nodemon] starting `node src/app.js hbs`
server is running on port no 3000
 connection successfull
Error: E:\complete project\node dynamic\templates\views\index.hbs: Parse error on line 13:
    <scravbar}}
-------------------^
Expecting 'ID', 'STRING', 'NUMBER', 'BOOLEAN', 'UNDEFINED', 'NULL', 'DATA', got 'INVALID'
    at Parser.parseError (E:\complete project\node dynamic\node_modules\handlebars\dist\cjs\handlebars\compiler\parser.js:267:19)
    at Parser.parse (E:\complete project\node dynamic\node_modules\handlebars\dist\cjs\handlebars\compiler\parser.js:336:30)
    at parseWithoutProcessing (E:\complete project\node dynamic\node_modules\handlebars\dist\cjs\handlebars\compiler\base.js:46:33)
    at HandlebarsEnvironment.parse (E:\complete project\node dynamic\node_modules\handlebars\dist\cjs\handlebars\compiler\base.js:52:13)
    at compileInput (E:\complete project\node dynamic\node_modules\handlebars\dist\cjs\handlebars\compiler\compiler.js:508:19)
    at ret (E:\complete project\node dynamic\node_modules\handlebars\dist\cjs\handlebars\compiler\compiler.js:517:18)
    at E:\complete project\node dynamic\node_modules\hbs\lib\hbs.js:84:19
    at FSReqCallback.readFileAfterClose [as oncomplete] (internal/fs/read_file_context.js:63:3)
^CTerminate batch job (Y/N)? Terminate batch job (Y/N)? y

E:\complete project\node dynamic>npm run dev

> node-dynamic@1.0.0 dev E:\complete project\node dynamic
> nodemon src/app.js -e js, hbs

[nodemon] 2.0.6
[nodemon] to restart at any time, enter `rs`
[nodemon] watching path(s): *.*
[nodemon] watching extensions: js
[nodemon] starting `node src/app.js hbs`
server is running on port no 3000
 connection successfull
Terminate batch job (Y/N)?
Terminate batch job (Y/N)? y

E:\complete project\node dynamic>y
'y' is not recognized as an internal or external command,
operable program or batch file.

E:\complete project\node dynamic>npm run dev

> node-dynamic@1.0.0 dev E:\complete project\node dynamic
> nodemon src/app.js -e js, hbs

[nodemon] 2.0.6
[nodemon] to restart at any time, enter `rs`
[nodemon] watching path(s): *.*
[nodemon] watching extensions: js
[nodemon] starting `node src/app.js hbs`
server is running on port no 3000
 connection successfull
Terminate batch job (Y/N)? y

E:\complete project\node dynamic>nodemon app.js
[nodemon] 2.0.6
[nodemon] to restart at any time, enter `rs`
[nodemon] watching path(s): *.*
[nodemon] watching extensions: js,mjs,json
[nodemon] starting `node app.js index.js`
internal/modules/cjs/loader.js:1083
  throw err;
  ^

Error: Cannot find module 'E:\complete project\node dynamic\index.js'
    at Function.Module._resolveFilename (internal/modules/cjs/loader.js:1080:15)
    at Function.Module._load (internal/modules/cjs/loader.js:923:27)
    at Function.executeUserEntryPoint [as runMain] (internal/modules/run_main.js:72:12)
    at internal/main/run_main_module.js:17:47 {
  code: 'MODULE_NOT_FOUND',
  requireStack: []
}
[nodemon] app crashed - waiting for file changes before starting...
^CTerminate batch job (Y/N)? y

E:\complete project\node dynamic>npm run dev

> node-dynamic@1.0.0 dev E:\complete project\node dynamic
> nodemon src/app.js -e js, hbs

[nodemon] 2.0.6
[nodemon] to restart at any time, enter `rs`
[nodemon] watching path(s): *.*
[nodemon] watching extensions: js
[nodemon] starting `node src/app.js hbs`
server is running on port no 3000
 connection successfull
Terminate batch job (Y/N)? y

E:\complete project\node dynamic>npm run dev

> node-dynamic@1.0.0 dev E:\complete project\node dynamic
> nodemon src/app.js -e js, hbs

[nodemon] 2.0.6
[nodemon] to restart at any time, enter `rs`
[nodemon] watching path(s): *.*
[nodemon] watching extensions: js
[nodemon] starting `node src/app.js hbs`
server is running on port no 3000
 connection successfull
rs
[nodemon] starting `node src/app.js hbs`
server is running on port no 3000
 connection successfull
Error: E:\complete project\node dynamic\templates\views\index.hbs: The partial navbar could not be found
    at Object.invokePartial (E:\complete project\node dynamic\node_modules\handlebars\dist\cjs\handlebars\runtime.js:332:11)
    at Object.invokePartialWrapper [as invokePartial] (E:\complete project\node dynamic\node_modules\handlebars\dist\cjs\handlebars\runtime.js:84:39)
    at Object.eval [as main] (eval at createFunctionContext (E:\complete project\node dynamic\node_modules\handlebars\dist\cjs\handlebars\compiler\javascript-compiler.js:262:23), <anonymous>:11:28)
    at main (E:\complete project\node dynamic\node_modules\handlebars\dist\cjs\handlebars\runtime.js:208:32)
    at ret (E:\complete project\node dynamic\node_modules\handlebars\dist\cjs\handlebars\runtime.js:212:12)
    at ret (E:\complete project\node dynamic\node_modules\handlebars\dist\cjs\handlebars\compiler\compiler.js:519:21)
    at E:\complete project\node dynamic\node_modules\hbs\lib\hbs.js:84:19
    at FSReqCallback.readFileAfterClose [as oncomplete] (internal/fs/read_file_context.js:63:3)
[nodemon] restarting due to changes...
[nodemon] starting `node src/app.js hbs`
server is running on port no 3000
 connection successfull
rs'
rs
[nodemon] starting `node src/app.js hbs`
server is running on port no 3000
 connection successfull
rs
[nodemon] starting `node src/app.js hbs`
server is running on port no 3000
Error: E:\complete project\node dynamic\templates\views\index.hbs: The partial navbar could not be found
    at Object.invokePartial (E:\complete project\node dynamic\node_modules\handlebars\dist\cjs\handlebars\runtime.js:332:11)
    at Object.invokePartialWrapper [as invokePartial] (E:\complete project\node dynamic\node_modules\handlebars\dist\cjs\handlebars\runtime.js:84:39)
    at Object.eval [as main] (eval at createFunctionContext (E:\complete project\node dynamic\node_modules\handlebars\dist\cjs\handlebars\compiler\javascript-compiler.js:262:23), <anonymous>:11:28)
    at main (E:\complete project\node dynamic\node_modules\handlebars\dist\cjs\handlebars\runtime.js:208:32)
    at ret (E:\complete project\node dynamic\node_modules\handlebars\dist\cjs\handlebars\runtime.js:212:12)
    at ret (E:\complete project\node dynamic\node_modules\handlebars\dist\cjs\handlebars\compiler\compiler.js:519:21)
    at E:\complete project\node dynamic\node_modules\hbs\lib\hbs.js:84:19
    at FSReqCallback.readFileAfterClose [as oncomplete] (internal/fs/read_file_context.js:63:3)
 connection successfull
rs
[nodemon] starting `node src/app.js hbs`
server is running on port no 3000
 connection successfull
rs
[nodemon] starting `node src/app.js hbs`
server is running on port no 3000
 connection successfull
rs
[nodemon] starting `node src/app.js hbs`
server is running on port no 3000
 connection successfull
rs
[nodemon] starting `node src/app.js hbs`
server is running on port no 3000
 connection successfull
rs
[nodemon] starting `node src/app.js hbs`
server is running on port no 3000
 connection successfull
[nodemon] restarting due to changes...
[nodemon] starting `node src/app.js hbs`
[nodemon] restarting due to changes...
[nodemon] restarting due to changes...
[nodemon] starting `node src/app.js hbs`
server is running on port no 3000
 connection successfull
[nodemon] restarting due to changes...
[nodemon] starting `node src/app.js hbs`
server is running on port no 3000
 connection successfull
[nodemon] restarting due to changes...
[nodemon] starting `node src/app.js hbs`
[nodemon] restarting due to changes...
[nodemon] starting `node src/app.js hbs`
server is running on port no 3000
 connection successfull
rs
[nodemon] starting `node src/app.js hbs`
server is running on port no 3000
 connection successfull
rs
[nodemon] starting `node src/app.js hbs`
server is running on port no 3000
 connection successfull
rs
[nodemon] starting `node src/app.js hbs`
server is running on port no 3000
 connection successfull
rs
[nodemon] starting `node src/app.js hbs`
server is running on port no 3000
 connection successfull
rs
[nodemon] starting `node src/app.js hbs`
server is running on port no 3000
 connection successfull
rs
[nodemon] starting `node src/app.js hbs`
server is running on port no 3000
 connection successfull
[nodemon] restarting due to changes...
[nodemon] restarting due to changes...
[nodemon] starting `node src/app.js hbs`
server is running on port no 3000
 connection successfull
rs
[nodemon] starting `node src/app.js hbs`
server is running on port no 3000
 connection successfull
rs
[nodemon] starting `node src/app.js hbs`
server is running on port no 3000
 connection successfull
rs
[nodemon] starting `node src/app.js hbs`
server is running on port no 3000
 connection successfull
Error: E:\complete project\node dynamic\templates\views\index.hbs: The partial navbar could not be found
    at Object.invokePartial (E:\complete project\node dynamic\node_modules\handlebars\dist\cjs\handlebars\runtime.js:332:11)
    at Object.invokePartialWrapper [as invokePartial] (E:\complete project\node dynamic\node_modules\handlebars\dist\cjs\handlebars\runtime.js:84:39)
    at Object.eval [as main] (eval at createFunctionContext (E:\complete project\node dynamic\node_modules\handlebars\dist\cjs\handlebars\compiler\javascript-compiler.js:262:23), <anonymous>:11:28)
    at main (E:\complete project\node dynamic\node_modules\handlebars\dist\cjs\handlebars\runtime.js:208:32)
    at ret (E:\complete project\node dynamic\node_modules\handlebars\dist\cjs\handlebars\runtime.js:212:12)
    at ret (E:\complete project\node dynamic\node_modules\handlebars\dist\cjs\handlebars\compiler\compiler.js:519:21)
    at E:\complete project\node dynamic\node_modules\hbs\lib\hbs.js:84:19
    at FSReqCallback.readFileAfterClose [as oncomplete] (internal/fs/read_file_context.js:63:3)
^CTerminate batch job (Y/N)? n

E:\complete project\node dynamic>npm run dev

> node-dynamic@1.0.0 dev E:\complete project\node dynamic
> nodemon src/app.js -e js, hbs

[nodemon] 2.0.6
[nodemon] to restart at any time, enter `rs`
[nodemon] watching path(s): *.*
[nodemon] watching extensions: js
[nodemon] starting `node src/app.js hbs`
server is running on port no 3000
 connection successfull
rs
[nodemon] starting `node src/app.js hbs`
server is running on port no 3000
 connection successfull
[nodemon] restarting due to changes...
[nodemon] starting `node src/app.js hbs`
E:\complete project\node dynamic\node_modules\express\lib\application.js:210
    throw new TypeError('app.use() requires a middleware function')
    ^

TypeError: app.use() requires a middleware function
    at Function.use (E:\complete project\node dynamic\node_modules\express\lib\application.js:210:11)
    at Object.<anonymous> (E:\complete project\node dynamic\src\app.js:17:5)
    at Module._compile (internal/modules/cjs/loader.js:1251:30)
    at Object.Module._extensions..js (internal/modules/cjs/loader.js:1272:10)
    at Module.load (internal/modules/cjs/loader.js:1100:32)
    at Function.Module._load (internal/modules/cjs/loader.js:962:14)
    at Function.executeUserEntryPoint [as runMain] (internal/modules/run_main.js:72:12)
    at internal/main/run_main_module.js:17:47
[nodemon] app crashed - waiting for file changes before starting...
[nodemon] restarting due to changes...
[nodemon] starting `node src/app.js hbs`
server is running on port no 3000
 connection successfull
[nodemon] restarting due to changes...
[nodemon] starting `node src/app.js hbs`
server is running on port no 3000
 connection successfull
[nodemon] restarting due to changes...
[nodemon] starting `node src/app.js hbs`
server is running on port no 3000
 connection successfull
[nodemon] restarting due to changes...
[nodemon] starting `node src/app.js hbs`
server is running on port no 3000
 connection successfull
rs
[nodemon] starting `node src/app.js hbs`
server is running on port no 3000
 connection successfull
rs
[nodemon] starting `node src/app.js hbs`
server is running on port no 3000
 connection successfull
rs
[nodemon] starting `node src/app.js hbs`
server is running on port no 3000
 connection successfull
Error: E:\complete project\node dynamic\templates\views\index.hbs: The partial footer could not be found
    at Object.invokePartial (E:\complete project\node dynamic\node_modules\handlebars\dist\cjs\handlebars\runtime.js:332:11)
    at Object.invokePartialWrapper [as invokePartial] (E:\complete project\node dynamic\node_modules\handlebars\dist\cjs\handlebars\runtime.js:84:39)
    at Object.eval [as main] (eval at createFunctionContext (E:\complete project\node dynamic\node_modules\handlebars\dist\cjs\handlebars\compiler\javascript-compiler.js:262:23), <anonymous>:17:28)
    at main (E:\complete project\node dynamic\node_modules\handlebars\dist\cjs\handlebars\runtime.js:208:32)
    at ret (E:\complete project\node dynamic\node_modules\handlebars\dist\cjs\handlebars\runtime.js:212:12)
    at ret (E:\complete project\node dynamic\node_modules\handlebars\dist\cjs\handlebars\compiler\compiler.js:519:21)
    at E:\complete project\node dynamic\node_modules\hbs\lib\hbs.js:84:19
    at FSReqCallback.readFileAfterClose [as oncomplete] (internal/fs/read_file_context.js:63:3)
Terminate batch job (Y/N)? y

E:\complete project\node dynamic>y
'y' is not recognized as an internal or external command,
operable program or batch file.

E:\complete project\node dynamic>npm run dev

> node-dynamic@1.0.0 dev E:\complete project\node dynamic
> nodemon src/app.js -e js, hbs

[nodemon] 2.0.6
[nodemon] to restart at any time, enter `rs`
[nodemon] watching path(s): *.*
[nodemon] watching extensions: js
[nodemon] starting `node src/app.js hbs`
server is running on port no 3000
 connection successfull
rs
[nodemon] starting `node src/app.js hbs`
server is running on port no 3000
 connection successfull
rs
[nodemon] starting `node src/app.js hbs`
server is running on port no 3000
 connection successfull
rs
[nodemon] starting `node src/app.js hbs`
server is running on port no 3000
 connection successfull
rs
[nodemon] starting `node src/app.js hbs`
server is running on port no 3000
 connection successfull
rs
[nodemon] starting `node src/app.js hbs`
server is running on port no 3000
 connection successfull
Error: E:\complete project\node dynamic\templates\views\contact.hbs: The partial navbar could not be found
    at Object.invokePartial (E:\complete project\node dynamic\node_modules\handlebars\dist\cjs\handlebars\runtime.js:332:11)
    at Object.invokePartialWrapper [as invokePartial] (E:\complete project\node dynamic\node_modules\handlebars\dist\cjs\handlebars\runtime.js:84:39)
    at Object.eval [as main] (eval at createFunctionContext (E:\complete project\node dynamic\node_modules\handlebars\dist\cjs\handlebars\compiler\javascript-compiler.js:262:23), <anonymous>:11:28)
    at main (E:\complete project\node dynamic\node_modules\handlebars\dist\cjs\handlebars\runtime.js:208:32)
    at ret (E:\complete project\node dynamic\node_modules\handlebars\dist\cjs\handlebars\runtime.js:212:12)
    at ret (E:\complete project\node dynamic\node_modules\handlebars\dist\cjs\handlebars\compiler\compiler.js:519:21)
    at E:\complete project\node dynamic\node_modules\hbs\lib\hbs.js:84:19
    at FSReqCallback.readFileAfterClose [as oncomplete] (internal/fs/read_file_context.js:63:3)
[nodemon] restarting due to changes...
[nodemon] restarting due to changes...
[nodemon] starting `node src/app.js hbs`
server is running on port no 3000
 connection successfull
[nodemon] restarting due to changes...
[nodemon] starting `node src/app.js hbs`
server is running on port no 3000
 connection successfull
[nodemon] restarting due to changes...
[nodemon] restarting due to changes...
[nodemon] starting `node src/app.js hbs`
server is running on port no 3000
 connection successfull
[nodemon] restarting due to changes...
[nodemon] restarting due to changes...
[nodemon] starting `node src/app.js hbs`
server is running on port no 3000
 connection successfull
[nodemon] restarting due to changes...
[nodemon] starting `node src/app.js hbs`
server is running on port no 3000
 connection successfull
[nodemon] restarting due to changes...
[nodemon] starting `node src/app.js hbs`
server is running on port no 3000
 connection successfull
[nodemon] restarting due to changes...
[nodemon] restarting due to changes...
[nodemon] starting `node src/app.js hbs`
server is running on port no 3000
 connection successfull
Terminate batch job (Y/N)? ^C

E:\complete project\node dynamic>npm i validator
npm WARN bootstrap@4.6.0 requires a peer of popper.js@^1.16.1 but none is installed. You must install peer dependencies yourself.
npm WARN node-dynamic@1.0.0 No description
npm WARN node-dynamic@1.0.0 No repository field.

+ validator@13.5.2
added 1 package from 2 contributors and audited 93 packages in 22.128s

3 packages are looking for funding
  run `npm fund` for details

found 0 vulnerabilities


E:\complete project\node dynamic>npm run dev

> node-dynamic@1.0.0 dev E:\complete project\node dynamic
> nodemon src/app.js -e js, hbs

[nodemon] 2.0.6
[nodemon] to restart at any time, enter `rs`
[nodemon] watching path(s): *.*
[nodemon] watching extensions: js
[nodemon] starting `node src/app.js hbs`
[nodemon] restarting due to changes...
server is running on port no 3000
[nodemon] starting `node src/app.js hbs`
server is running on port no 3000
 connection successfull
[nodemon] restarting due to changes...
[nodemon] starting `node src/app.js hbs`
server is running on port no 3000
 connection successfull
[nodemon] restarting due to changes...
[nodemon] starting `node src/app.js hbs`
server is running on port no 3000
 connection successfull
[nodemon] restarting due to changes...
[nodemon] starting `node src/app.js hbs`
server is running on port no 3000
 connection successfull
[nodemon] restarting due to changes...
[nodemon] restarting due to changes...
[nodemon] starting `node src/app.js hbs`
server is running on port no 3000
[nodemon] restarting due to changes...
[nodemon] starting `node src/app.js hbs`
server is running on port no 3000
 connection successfull
[nodemon] restarting due to changes...
[nodemon] restarting due to changes...
[nodemon] starting `node src/app.js hbs`
server is running on port no 3000
 connection successfull
[nodemon] restarting due to changes...
[nodemon] starting `node src/app.js hbs`
server is running on port no 3000
 connection successfull
[nodemon] restarting due to changes...
[nodemon] starting `node src/app.js hbs`
server is running on port no 3000
 connection successfull
[nodemon] restarting due to changes...
[nodemon] starting `node src/app.js hbs`
server is running on port no 3000
 connection successfull
[nodemon] restarting due to changes...
[nodemon] restarting due to changes...
[nodemon] starting `node src/app.js hbs`
server is running on port no 3000
 connection successfull
[nodemon] restarting due to changes...
[nodemon] restarting due to changes...
[nodemon] starting `node src/app.js hbs`
server is running on port no 3000
 connection successfull
[nodemon] restarting due to changes...
[nodemon] starting `node src/app.js hbs`
server is running on port no 3000
 connection successfull
[nodemon] restarting due to changes...
[nodemon] restarting due to changes...
[nodemon] starting `node src/app.js hbs`
server is running on port no 3000
 connection successfull
[nodemon] restarting due to changes...
[nodemon] restarting due to changes...
[nodemon] starting `node src/app.js hbs`
server is running on port no 3000
 connection successfull
[nodemon] restarting due to changes...
[nodemon] restarting due to changes...
[nodemon] starting `node src/app.js hbs`
server is running on port no 3000
 connection successfull
[nodemon] restarting due to changes...
[nodemon] restarting due to changes...
[nodemon] starting `node src/app.js hbs`
server is running on port no 3000
 connection successfull
[nodemon] restarting due to changes...
[nodemon] starting `node src/app.js hbs`
server is running on port no 3000
 connection successfull
[nodemon] restarting due to changes...
[nodemon] restarting due to changes...
[nodemon] starting `node src/app.js hbs`
server is running on port no 3000
 connection successfull
[nodemon] restarting due to changes...
[nodemon] restarting due to changes...
[nodemon] starting `node src/app.js hbs`
server is running on port no 3000
 connection successfull
[nodemon] restarting due to changes...
[nodemon] starting `node src/app.js hbs`
server is running on port no 3000
 connection successfull
[nodemon] restarting due to changes...
[nodemon] starting `node src/app.js hbs`
server is running on port no 3000
 connection successfull
[nodemon] restarting due to changes...
[nodemon] starting `node src/app.js hbs`
server is running on port no 3000
 connection successfull
[nodemon] restarting due to changes...
[nodemon] restarting due to changes...
[nodemon] starting `node src/app.js hbs`
server is running on port no 3000
 connection successfull
[nodemon] restarting due to changes...
[nodemon] restarting due to changes...
[nodemon] starting `node src/app.js hbs`
server is running on port no 3000
 connection successfull
[nodemon] restarting due to changes...
[nodemon] starting `node src/app.js hbs`
server is running on port no 3000
 connection successfull
[nodemon] restarting due to changes...
[nodemon] starting `node src/app.js hbs`
server is running on port no 3000
 connection successfull
[nodemon] restarting due to changes...
[nodemon] restarting due to changes...
[nodemon] starting `node src/app.js hbs`
server is running on port no 3000
 connection successfull
[nodemon] restarting due to changes...
[nodemon] restarting due to changes...
[nodemon] starting `node src/app.js hbs`
server is running on port no 3000
 connection successfull
[nodemon] restarting due to changes...
[nodemon] starting `node src/app.js hbs`
server is running on port no 3000
 connection successfull
[nodemon] restarting due to changes...
[nodemon] restarting due to changes...
[nodemon] starting `node src/app.js hbs`
server is running on port no 3000
 connection successfull
[nodemon] restarting due to changes...
[nodemon] starting `node src/app.js hbs`
server is running on port no 3000
[nodemon] restarting due to changes...
 connection successfull
[nodemon] starting `node src/app.js hbs`
server is running on port no 3000
 connection successfull
[nodemon] restarting due to changes...
[nodemon] restarting due to changes...
[nodemon] starting `node src/app.js hbs`
server is running on port no 3000
 connection successfull
[nodemon] restarting due to changes...
[nodemon] starting `node src/app.js hbs`
server is running on port no 3000
 connection successfull
[nodemon] restarting due to changes...
[nodemon] restarting due to changes...
[nodemon] starting `node src/app.js hbs`
server is running on port no 3000
 connection successfull
[nodemon] restarting due to changes...
[nodemon] starting `node src/app.js hbs`
server is running on port no 3000
 connection successfull
[nodemon] restarting due to changes...
[nodemon] starting `node src/app.js hbs`
server is running on port no 3000
 connection successfull
[nodemon] restarting due to changes...
[nodemon] starting `node src/app.js hbs`
server is running on port no 3000
 connection successfull
[nodemon] restarting due to changes...
[nodemon] starting `node src/app.js hbs`
server is running on port no 3000
 connection successfull
[nodemon] restarting due to changes...
[nodemon] starting `node src/app.js hbs`
server is running on port no 3000
 connection successfull
[nodemon] restarting due to changes...
[nodemon] starting `node src/app.js hbs`
server is running on port no 3000
 connection successfull
[nodemon] restarting due to changes...
[nodemon] restarting due to changes...
[nodemon] starting `node src/app.js hbs`
server is running on port no 3000
 connection successfull
[nodemon] restarting due to changes...
[nodemon] starting `node src/app.js hbs`
server is running on port no 3000
 connection successfull
[nodemon] restarting due to changes...
[nodemon] starting `node src/app.js hbs`
server is running on port no 3000
 connection successfull
[nodemon] restarting due to changes...
[nodemon] restarting due to changes...
[nodemon] starting `node src/app.js hbs`
server is running on port no 3000
 connection successfull
[nodemon] restarting due to changes...
[nodemon] restarting due to changes...
[nodemon] starting `node src/app.js hbs`
server is running on port no 3000
 connection successfull
[nodemon] restarting due to changes...
[nodemon] starting `node src/app.js hbs`
server is running on port no 3000
 connection successfull
[nodemon] restarting due to changes...
[nodemon] restarting due to changes...
[nodemon] starting `node src/app.js hbs`
server is running on port no 3000
 connection successfull
[nodemon] restarting due to changes...
[nodemon] starting `node src/app.js hbs`
E:\complete project\node dynamic\src\app.js:5
const hbs = require('hbs');
^^^^^

SyntaxError: Unexpected token 'const'
    at wrapSafe (internal/modules/cjs/loader.js:1167:16)
    at Module._compile (internal/modules/cjs/loader.js:1215:27)
    at Object.Module._extensions..js (internal/modules/cjs/loader.js:1272:10)
    at Module.load (internal/modules/cjs/loader.js:1100:32)
    at Function.Module._load (internal/modules/cjs/loader.js:962:14)
    at Function.executeUserEntryPoint [as runMain] (internal/modules/run_main.js:72:12)
    at internal/main/run_main_module.js:17:47
[nodemon] app crashed - waiting for file changes before starting...
[nodemon] restarting due to changes...
[nodemon] starting `node src/app.js hbs`
[nodemon] restarting due to changes...
[nodemon] starting `node src/app.js hbs`
internal/validators.js:121
    throw new ERR_INVALID_ARG_TYPE(name, 'string', value);
    ^

TypeError [ERR_INVALID_ARG_TYPE]: The "id" argument must be of type string. Received undefined
    at validateString (internal/validators.js:121:11)
    at Module.require (internal/modules/cjs/loader.js:1133:3)
    at require (internal/modules/cjs/helpers.js:75:18)
    at Object.<anonymous> (E:\complete project\node dynamic\src\app.js:4:14)
    at Module._compile (internal/modules/cjs/loader.js:1251:30)
    at Object.Module._extensions..js (internal/modules/cjs/loader.js:1272:10)
    at Module.load (internal/modules/cjs/loader.js:1100:32)
    at Function.Module._load (internal/modules/cjs/loader.js:962:14)
    at Function.executeUserEntryPoint [as runMain] (internal/modules/run_main.js:72:12)
    at internal/main/run_main_module.js:17:47 {
  code: 'ERR_INVALID_ARG_TYPE'
}
[nodemon] app crashed - waiting for file changes before starting...
[nodemon] restarting due to changes...
[nodemon] starting `node src/app.js hbs`
[nodemon] restarting due to changes...
[nodemon] starting `node src/app.js hbs`
internal/modules/cjs/loader.js:1083
  throw err;
  ^

Error: Cannot find module './models/'
Require stack:
- E:\complete project\node dynamic\src\app.js
    at Function.Module._resolveFilename (internal/modules/cjs/loader.js:1080:15)
    at Function.Module._load (internal/modules/cjs/loader.js:923:27)
    at Module.require (internal/modules/cjs/loader.js:1140:19)
    at require (internal/modules/cjs/helpers.js:75:18)
    at Object.<anonymous> (E:\complete project\node dynamic\src\app.js:4:14)
    at Module._compile (internal/modules/cjs/loader.js:1251:30)
    at Object.Module._extensions..js (internal/modules/cjs/loader.js:1272:10)
    at Module.load (internal/modules/cjs/loader.js:1100:32)
    at Function.Module._load (internal/modules/cjs/loader.js:962:14)
    at Function.executeUserEntryPoint [as runMain] (internal/modules/run_main.js:72:12)
    at internal/main/run_main_module.js:17:47 {
  code: 'MODULE_NOT_FOUND',
  requireStack: [ 'E:\\complete project\\node dynamic\\src\\app.js' ]
}
[nodemon] app crashed - waiting for file changes before starting...
[nodemon] restarting due to changes...
[nodemon] starting `node src/app.js hbs`
server is running on port no 3000
 connection successfull
[nodemon] restarting due to changes...
[nodemon] restarting due to changes...
[nodemon] starting `node src/app.js hbs`
server is running on port no 3000
 connection successfull
[nodemon] restarting due to changes...
[nodemon] restarting due to changes...
[nodemon] starting `node src/app.js hbs`
E:\complete project\node dynamic\src\app.js:32
app.post("/post",(req,res))
                  ^

ReferenceError: req is not defined
    at Object.<anonymous> (E:\complete project\node dynamic\src\app.js:32:19)
    at Module._compile (internal/modules/cjs/loader.js:1251:30)
    at Object.Module._extensions..js (internal/modules/cjs/loader.js:1272:10)
    at Module.load (internal/modules/cjs/loader.js:1100:32)
    at Function.Module._load (internal/modules/cjs/loader.js:962:14)
    at Function.executeUserEntryPoint [as runMain] (internal/modules/run_main.js:72:12)
    at internal/main/run_main_module.js:17:47
[nodemon] app crashed - waiting for file changes before starting...
[nodemon] restarting due to changes...
[nodemon] starting `node src/app.js hbs`
server is running on port no 3000
 connection successfull
[nodemon] restarting due to changes...
[nodemon] starting `node src/app.js hbs`
E:\complete project\node dynamic\src\app.js:34
})
^

SyntaxError: Unexpected token '}'
    at wrapSafe (internal/modules/cjs/loader.js:1167:16)
    at Module._compile (internal/modules/cjs/loader.js:1215:27)
    at Object.Module._extensions..js (internal/modules/cjs/loader.js:1272:10)
    at Module.load (internal/modules/cjs/loader.js:1100:32)
    at Function.Module._load (internal/modules/cjs/loader.js:962:14)
    at Function.executeUserEntryPoint [as runMain] (internal/modules/run_main.js:72:12)
    at internal/main/run_main_module.js:17:47
[nodemon] app crashed - waiting for file changes before starting...
[nodemon] restarting due to changes...
[nodemon] starting `node src/app.js hbs`
server is running on port no 3000
 connection successfull
[nodemon] restarting due to changes...
[nodemon] starting `node src/app.js hbs`
server is running on port no 3000
 connection successfull
[nodemon] restarting due to changes...
[nodemon] starting `node src/app.js hbs`
server is running on port no 3000
 connection successfull
[nodemon] restarting due to changes...
[nodemon] starting `node src/app.js hbs`
server is running on port no 3000
 connection successfull
[nodemon] restarting due to changes...
[nodemon] restarting due to changes...
[nodemon] starting `node src/app.js hbs`
server is running on port no 3000
rs connection successfull

[nodemon] starting `node src/app.js hbs`
server is running on port no 3000
 connection successfull
[nodemon] restarting due to changes...
[nodemon] restarting due to changes...
[nodemon] starting `node src/app.js hbs`
server is running on port no 3000
 connection successfull
rs
[nodemon] starting `node src/app.js hbs`
server is running on port no 3000
 connection successfull
[nodemon] restarting due to changes...
[nodemon] starting `node src/app.js hbs`
server is running on port no 3000
 connection successfull
[nodemon] restarting due to changes...
[nodemon] starting `node src/app.js hbs`
server is running on port no 3000
 connection successfull
[nodemon] restarting due to changes...
[nodemon] starting `node src/app.js hbs`
body-parser deprecated undefined extended: provide extended option src\app.js:20:17
server is running on port no 3000
 connection successfull
[nodemon] restarting due to changes...
[nodemon] restarting due to changes...
[nodemon] starting `node src/app.js hbs`
E:\complete project\node dynamic\src\app.js:20
app.use(express.urlencoded(ext))
                           ^

ReferenceError: ext is not defined
    at Object.<anonymous> (E:\complete project\node dynamic\src\app.js:20:28)
    at Module._compile (internal/modules/cjs/loader.js:1251:30)
    at Object.Module._extensions..js (internal/modules/cjs/loader.js:1272:10)
    at Module.load (internal/modules/cjs/loader.js:1100:32)
    at Function.Module._load (internal/modules/cjs/loader.js:962:14)
    at Function.executeUserEntryPoint [as runMain] (internal/modules/run_main.js:72:12)
    at internal/main/run_main_module.js:17:47
[nodemon] app crashed - waiting for file changes before starting...
[nodemon] restarting due to changes...
[nodemon] starting `node src/app.js hbs`
E:\complete project\node dynamic\src\app.js:20
app.use(express.urlencoded(extended:false));
                           ^^^^^^^^

SyntaxError: missing ) after argument list
    at wrapSafe (internal/modules/cjs/loader.js:1167:16)
    at Module._compile (internal/modules/cjs/loader.js:1215:27)
    at Object.Module._extensions..js (internal/modules/cjs/loader.js:1272:10)
    at Module.load (internal/modules/cjs/loader.js:1100:32)
    at Function.Module._load (internal/modules/cjs/loader.js:962:14)
    at Function.executeUserEntryPoint [as runMain] (internal/modules/run_main.js:72:12)
    at internal/main/run_main_module.js:17:47
[nodemon] app crashed - waiting for file changes before starting...
[nodemon] restarting due to changes...
[nodemon] starting `node src/app.js hbs`
server is running on port no 3000
 connection successfull
rs
[nodemon] starting `node src/app.js hbs`
server is running on port no 3000
 connection successfull
[nodemon] restarting due to changes...
[nodemon] restarting due to changes...
[nodemon] starting `node src/app.js hbs`
server is running on port no 3000
 connection successfull
[nodemon] restarting due to changes...
[nodemon] starting `node src/app.js hbs`
E:\complete project\node dynamic\src\app.js:37
        await User.save();
        ^^^^^

SyntaxError: await is only valid in async function
    at wrapSafe (internal/modules/cjs/loader.js:1167:16)
    at Module._compile (internal/modules/cjs/loader.js:1215:27)
    at Object.Module._extensions..js (internal/modules/cjs/loader.js:1272:10)
    at Module.load (internal/modules/cjs/loader.js:1100:32)
    at Function.Module._load (internal/modules/cjs/loader.js:962:14)
    at Function.executeUserEntryPoint [as runMain] (internal/modules/run_main.js:72:12)
    at internal/main/run_main_module.js:17:47
[nodemon] app crashed - waiting for file changes before starting...
[nodemon] restarting due to changes...
[nodemon] starting `node src/app.js hbs`
E:\complete project\node dynamic\src\app.js:37
        await User.save();
        ^^^^^

SyntaxError: await is only valid in async function
    at wrapSafe (internal/modules/cjs/loader.js:1167:16)
    at Module._compile (internal/modules/cjs/loader.js:1215:27)
    at Object.Module._extensions..js (internal/modules/cjs/loader.js:1272:10)
    at Module.load (internal/modules/cjs/loader.js:1100:32)
    at Function.Module._load (internal/modules/cjs/loader.js:962:14)
    at Function.executeUserEntryPoint [as runMain] (internal/modules/run_main.js:72:12)
    at internal/main/run_main_module.js:17:47
[nodemon] app crashed - waiting for file changes before starting...
[nodemon] restarting due to changes...
[nodemon] starting `node src/app.js hbs`
E:\complete project\node dynamic\src\app.js:37
        await User.save();
        ^^^^^

SyntaxError: await is only valid in async function
    at wrapSafe (internal/modules/cjs/loader.js:1167:16)
    at Module._compile (internal/modules/cjs/loader.js:1215:27)
    at Object.Module._extensions..js (internal/modules/cjs/loader.js:1272:10)
    at Module.load (internal/modules/cjs/loader.js:1100:32)
    at Function.Module._load (internal/modules/cjs/loader.js:962:14)
    at Function.executeUserEntryPoint [as runMain] (internal/modules/run_main.js:72:12)
    at internal/main/run_main_module.js:17:47
[nodemon] app crashed - waiting for file changes before starting...
[nodemon] restarting due to changes...
[nodemon] starting `node src/app.js hbs`
E:\complete project\node dynamic\src\app.js:37
        await User.save();
        ^^^^^

SyntaxError: await is only valid in async function
    at wrapSafe (internal/modules/cjs/loader.js:1167:16)
    at Module._compile (internal/modules/cjs/loader.js:1215:27)
    at Object.Module._extensions..js (internal/modules/cjs/loader.js:1272:10)
    at Module.load (internal/modules/cjs/loader.js:1100:32)
    at Function.Module._load (internal/modules/cjs/loader.js:962:14)
    at Function.executeUserEntryPoint [as runMain] (internal/modules/run_main.js:72:12)
    at internal/main/run_main_module.js:17:47
[nodemon] app crashed - waiting for file changes before starting...
rs
[nodemon] starting `node src/app.js hbs`
E:\complete project\node dynamic\src\app.js:37
        await User.save();
        ^^^^^

SyntaxError: await is only valid in async function
    at wrapSafe (internal/modules/cjs/loader.js:1167:16)
    at Module._compile (internal/modules/cjs/loader.js:1215:27)
    at Object.Module._extensions..js (internal/modules/cjs/loader.js:1272:10)
    at Module.load (internal/modules/cjs/loader.js:1100:32)
    at Function.Module._load (internal/modules/cjs/loader.js:962:14)
    at Function.executeUserEntryPoint [as runMain] (internal/modules/run_main.js:72:12)
    at internal/main/run_main_module.js:17:47
[nodemon] app crashed - waiting for file changes before starting...
[nodemon] restarting due to changes...
[nodemon] starting `node src/app.js hbs`
E:\complete project\node dynamic\src\app.js:37
        await userData.save();
        ^^^^^

SyntaxError: await is only valid in async function
    at wrapSafe (internal/modules/cjs/loader.js:1167:16)
    at Module._compile (internal/modules/cjs/loader.js:1215:27)
    at Object.Module._extensions..js (internal/modules/cjs/loader.js:1272:10)
    at Module.load (internal/modules/cjs/loader.js:1100:32)
    at Function.Module._load (internal/modules/cjs/loader.js:962:14)
    at Function.executeUserEntryPoint [as runMain] (internal/modules/run_main.js:72:12)
    at internal/main/run_main_module.js:17:47
[nodemon] app crashed - waiting for file changes before starting...
[nodemon] restarting due to changes...
[nodemon] starting `node src/app.js hbs`
[nodemon] restarting due to changes...
E:\complete project\node dynamic\src\app.js:37
        await userData.save();
        ^^^^^

SyntaxError: await is only valid in async function
    at wrapSafe (internal/modules/cjs/loader.js:1167:16)
    at Module._compile (internal/modules/cjs/loader.js:1215:27)
    at Object.Module._extensions..js (internal/modules/cjs/loader.js:1272:10)
    at Module.load (internal/modules/cjs/loader.js:1100:32)
    at Function.Module._load (internal/modules/cjs/loader.js:962:14)
    at Function.executeUserEntryPoint [as runMain] (internal/modules/run_main.js:72:12)
    at internal/main/run_main_module.js:17:47
[nodemon] starting `node src/app.js hbs`
E:\complete project\node dynamic\src\app.js:37
        await userData.save();
        ^^^^^

SyntaxError: await is only valid in async function
    at wrapSafe (internal/modules/cjs/loader.js:1167:16)
    at Module._compile (internal/modules/cjs/loader.js:1215:27)
    at Object.Module._extensions..js (internal/modules/cjs/loader.js:1272:10)
    at Module.load (internal/modules/cjs/loader.js:1100:32)
    at Function.Module._load (internal/modules/cjs/loader.js:962:14)
    at Function.executeUserEntryPoint [as runMain] (internal/modules/run_main.js:72:12)
    at internal/main/run_main_module.js:17:47
[nodemon] app crashed - waiting for file changes before starting...
rs
[nodemon] starting `node src/app.js hbs`
E:\complete project\node dynamic\src\app.js:37
        await userData.save();
        ^^^^^

SyntaxError: await is only valid in async function
    at wrapSafe (internal/modules/cjs/loader.js:1167:16)
    at Module._compile (internal/modules/cjs/loader.js:1215:27)
    at Object.Module._extensions..js (internal/modules/cjs/loader.js:1272:10)
    at Module.load (internal/modules/cjs/loader.js:1100:32)
    at Function.Module._load (internal/modules/cjs/loader.js:962:14)
    at Function.executeUserEntryPoint [as runMain] (internal/modules/run_main.js:72:12)
    at internal/main/run_main_module.js:17:47
[nodemon] app crashed - waiting for file changes before starting...
rs
[nodemon] starting `node src/app.js hbs`
E:\complete project\node dynamic\src\app.js:37
        await userData.save();
        ^^^^^

SyntaxError: await is only valid in async function
    at wrapSafe (internal/modules/cjs/loader.js:1167:16)
    at Module._compile (internal/modules/cjs/loader.js:1215:27)
    at Object.Module._extensions..js (internal/modules/cjs/loader.js:1272:10)
    at Module.load (internal/modules/cjs/loader.js:1100:32)
    at Function.Module._load (internal/modules/cjs/loader.js:962:14)
    at Function.executeUserEntryPoint [as runMain] (internal/modules/run_main.js:72:12)
    at internal/main/run_main_module.js:17:47
[nodemon] app crashed - waiting for file changes before starting...
[nodemon] restarting due to changes...
[nodemon] starting `node src/app.js hbs`
[nodemon] restarting due to changes...
[nodemon] starting `node src/app.js hbs`
server is running on port no 3000
 connection successfull
[nodemon] restarting due to changes...
[nodemon] starting `node src/app.js hbs`
server is running on port no 3000
 connection successfull
Error [ERR_HTTP_HEADERS_SENT]: Cannot set headers after they are sent to the client
    at ServerResponse.setHeader (_http_outgoing.js:543:11)
    at ServerResponse.header (E:\complete project\node dynamic\node_modules\express\lib\response.js:771:10)
    at ServerResponse.send (E:\complete project\node dynamic\node_modules\express\lib\response.js:170:12)
    at done (E:\complete project\node dynamic\node_modules\express\lib\response.js:1008:10)
    at E:\complete project\node dynamic\node_modules\hbs\lib\hbs.js:90:11
    at Object.done (E:\complete project\node dynamic\node_modules\hbs\lib\async.js:74:20)
    at E:\complete project\node dynamic\node_modules\hbs\lib\hbs.js:85:20
    at FSReqCallback.readFileAfterClose [as oncomplete] (internal/fs/read_file_context.js:63:3)
[nodemon] restarting due to changes...
[nodemon] restarting due to changes...
[nodemon] starting `node src/app.js hbs`
[nodemon] restarting due to changes...
[nodemon] restarting due to changes...
server is running on port no 3000
 connection successfull
[nodemon] starting `node src/app.js hbs`
E:\complete project\node dynamic\src\models\usermessage.js:32
    date:
    ^^^^

SyntaxError: Unexpected identifier
    at wrapSafe (internal/modules/cjs/loader.js:1167:16)
    at Module._compile (internal/modules/cjs/loader.js:1215:27)
    at Object.Module._extensions..js (internal/modules/cjs/loader.js:1272:10)
    at Module.load (internal/modules/cjs/loader.js:1100:32)
    at Function.Module._load (internal/modules/cjs/loader.js:962:14)
    at Module.require (internal/modules/cjs/loader.js:1140:19)
    at require (internal/modules/cjs/helpers.js:75:18)
    at Object.<anonymous> (E:\complete project\node dynamic\src\app.js:4:14)
    at Module._compile (internal/modules/cjs/loader.js:1251:30)
    at Object.Module._extensions..js (internal/modules/cjs/loader.js:1272:10)
    at Module.load (internal/modules/cjs/loader.js:1100:32)
    at Function.Module._load (internal/modules/cjs/loader.js:962:14)
    at Function.executeUserEntryPoint [as runMain] (internal/modules/run_main.js:72:12)
    at internal/main/run_main_module.js:17:47
[nodemon] app crashed - waiting for file changes before starting...
[nodemon] restarting due to changes...
[nodemon] starting `node src/app.js hbs`
E:\complete project\node dynamic\src\models\usermessage.js:32
    date:{
    ^^^^

SyntaxError: Unexpected identifier
    at wrapSafe (internal/modules/cjs/loader.js:1167:16)
    at Module._compile (internal/modules/cjs/loader.js:1215:27)
    at Object.Module._extensions..js (internal/modules/cjs/loader.js:1272:10)
    at Module.load (internal/modules/cjs/loader.js:1100:32)
    at Function.Module._load (internal/modules/cjs/loader.js:962:14)
    at Module.require (internal/modules/cjs/loader.js:1140:19)
    at require (internal/modules/cjs/helpers.js:75:18)
    at Object.<anonymous> (E:\complete project\node dynamic\src\app.js:4:14)
    at Module._compile (internal/modules/cjs/loader.js:1251:30)
    at Object.Module._extensions..js (internal/modules/cjs/loader.js:1272:10)
    at Module.load (internal/modules/cjs/loader.js:1100:32)
    at Function.Module._load (internal/modules/cjs/loader.js:962:14)
    at Function.executeUserEntryPoint [as runMain] (internal/modules/run_main.js:72:12)
    at internal/main/run_main_module.js:17:47
[nodemon] app crashed - waiting for file changes before starting...
[nodemon] restarting due to changes...
[nodemon] starting `node src/app.js hbs`
E:\complete project\node dynamic\src\models\usermessage.js:32
    date:{
    ^^^^

SyntaxError: Unexpected identifier
    at wrapSafe (internal/modules/cjs/loader.js:1167:16)
    at Module._compile (internal/modules/cjs/loader.js:1215:27)
    at Object.Module._extensions..js (internal/modules/cjs/loader.js:1272:10)
    at Module.load (internal/modules/cjs/loader.js:1100:32)
    at Function.Module._load (internal/modules/cjs/loader.js:962:14)
    at Module.require (internal/modules/cjs/loader.js:1140:19)
    at require (internal/modules/cjs/helpers.js:75:18)
    at Object.<anonymous> (E:\complete project\node dynamic\src\app.js:4:14)
    at Module._compile (internal/modules/cjs/loader.js:1251:30)
    at Object.Module._extensions..js (internal/modules/cjs/loader.js:1272:10)
    at Module.load (internal/modules/cjs/loader.js:1100:32)
    at Function.Module._load (internal/modules/cjs/loader.js:962:14)
    at Function.executeUserEntryPoint [as runMain] (internal/modules/run_main.js:72:12)
    at internal/main/run_main_module.js:17:47
[nodemon] app crashed - waiting for file changes before starting...
[nodemon] restarting due to changes...
[nodemon] starting `node src/app.js hbs`
E:\complete project\node dynamic\src\models\usermessage.js:32
    date:{
    ^^^^

SyntaxError: Unexpected identifier
    at wrapSafe (internal/modules/cjs/loader.js:1167:16)
    at Module._compile (internal/modules/cjs/loader.js:1215:27)
    at Object.Module._extensions..js (internal/modules/cjs/loader.js:1272:10)
    at Module.load (internal/modules/cjs/loader.js:1100:32)
    at Function.Module._load (internal/modules/cjs/loader.js:962:14)
    at Module.require (internal/modules/cjs/loader.js:1140:19)
    at require (internal/modules/cjs/helpers.js:75:18)
    at Object.<anonymous> (E:\complete project\node dynamic\src\app.js:4:14)
    at Module._compile (internal/modules/cjs/loader.js:1251:30)
    at Object.Module._extensions..js (internal/modules/cjs/loader.js:1272:10)
    at Module.load (internal/modules/cjs/loader.js:1100:32)
    at Function.Module._load (internal/modules/cjs/loader.js:962:14)
    at Function.executeUserEntryPoint [as runMain] (internal/modules/run_main.js:72:12)
    at internal/main/run_main_module.js:17:47
[nodemon] app crashed - waiting for file changes before starting...
[nodemon] restarting due to changes...
[nodemon] starting `node src/app.js hbs`
server is running on port no 3000
 connection successfull
rs
[nodemon] starting `node src/app.js hbs`
server is running on port no 3000
 connection successfull
Error [ERR_HTTP_HEADERS_SENT]: Cannot set headers after they are sent to the client
    at ServerResponse.setHeader (_http_outgoing.js:543:11)
    at ServerResponse.header (E:\complete project\node dynamic\node_modules\express\lib\response.js:771:10)
    at ServerResponse.send (E:\complete project\node dynamic\node_modules\express\lib\response.js:170:12)
    at done (E:\complete project\node dynamic\node_modules\express\lib\response.js:1008:10)
    at E:\complete project\node dynamic\node_modules\hbs\lib\hbs.js:90:11
    at Object.done (E:\complete project\node dynamic\node_modules\hbs\lib\async.js:74:20)
    at E:\complete project\node dynamic\node_modules\hbs\lib\hbs.js:85:20
    at FSReqCallback.readFileAfterClose [as oncomplete] (internal/fs/read_file_context.js:63:3)
Error [ERR_HTTP_HEADERS_SENT]: Cannot set headers after they are sent to the client
    at ServerResponse.setHeader (_http_outgoing.js:543:11)
    at ServerResponse.header (E:\complete project\node dynamic\node_modules\express\lib\response.js:771:10)
    at ServerResponse.send (E:\complete project\node dynamic\node_modules\express\lib\response.js:170:12)
    at done (E:\complete project\node dynamic\node_modules\express\lib\response.js:1008:10)
    at E:\complete project\node dynamic\node_modules\hbs\lib\hbs.js:90:11
    at Object.done (E:\complete project\node dynamic\node_modules\hbs\lib\async.js:74:20)
    at E:\complete project\node dynamic\node_modules\hbs\lib\hbs.js:85:20
    at FSReqCallback.readFileAfterClose [as oncomplete] (internal/fs/read_file_context.js:63:3)
[nodemon] restarting due to changes...
[nodemon] starting `node src/app.js hbs`
server is running on port no 3000
rs connection successfull
[nodemon] starting `node src/app.js hbs`
server is running on port no 3000
 connection successfull
